DrawLine.c:60:6:spiwrite	24	static
DrawLine.c:76:6:writecommand	16	static
DrawLine.c:86:6:writedata	16	static
DrawLine.c:96:6:writeword	24	static
DrawLine.c:112:6:write888	24	static
DrawLine.c:138:6:setAddrWindow	24	static
DrawLine.c:156:6:fillrect	32	static
DrawLine.c:176:6:lcddelay	24	static
DrawLine.c:188:6:lcd_init	16	static
DrawLine.c:229:6:drawPixel	16	static
DrawLine.c:260:6:drawLine	40	static
DrawLine.c:391:6:SetCube	24	static
DrawLine.c:426:6:SetSurfRefl	32	static
DrawLine.c:453:6:SetCamP	24	static
DrawLine.c:460:6:SetCamF	16	static
DrawLine.c:482:6:SetAxes	16	static
DrawLine.c:497:6:SetOrigin	4	static
DrawLine.c:504:6:DrawOrigin	40	static
DrawLine.c:517:6:SetDisplay	24	static
DrawLine.c:638:6:SetLightS	24	static
DrawLine.c:661:6:SetMatrixWtS	64	static
DrawLine.c:700:15:WtoV	88	static
DrawLine.c:726:14:VtoS	48	static
DrawLine.c:734:14:ScrOffset	40	static
DrawLine.c:751:6:CalDisPnts	72	static
DrawLine.c:756:6:CalcDispCube	48	static
DrawLine.c:767:7:CalcLam	24	static
DrawLine.c:774:6:DrawShadow	224	static
DrawLine.c:828:6:DrawBeam	48	static
DrawLine.c:837:6:FindSurf	24	static
DrawLine.c:953:6:DrawSid	240	static
DrawLine.c:995:6:DrawCubeW	32	static
DrawLine.c:1016:7:diff_reflection	72	static
DrawLine.c:1039:10:findcolor	56	static
DrawLine.c:1056:6:DDA_line	96	static
DrawLine.c:1084:6:FillDiff	96	static
DrawLine.c:1117:6:DrawDiffSide	56	static
DrawLine.c:1167:14:Rotate_PNT	80	static
DrawLine.c:1193:6:tree	152	static
DrawLine.c:1241:6:drawTreetwig	56	static
DrawLine.c:1249:6:TreeBT	24	static
DrawLine.c:1253:6:TreeD	280	static
DrawLine.c:1301:6:square	296	static
DrawLine.c:1370:6:DrawInitial	728	static
DrawLine.c:1457:6:displayLetterC	128	static
DrawLine.c:1517:5:main	32	static
